// Jest Snapshot v1, https://goo.gl/fbAQLP

exports[`Card Component should render correctly 1`] = `
<div
  className="card-container"
  onClick={[Function]}
>
  test
</div>
`;
