// Jest Snapshot v1, https://goo.gl/fbAQLP

exports[`PlayConcept Component should render correctly 1`] = `
<div>
  This concept is empty
</div>
`;
